// Vitest Snapshot v1

exports[`extract-tests > converts a style object to class names 1`] = `"._bg-d0t12svx2e{background-color:rgba(255,0,0,1.00);}"`;

exports[`extract-tests > converts a style object to class names 2`] = `"._transform-1lcp8y4{transform:rotateY(10deg);}"`;

exports[`extract-tests > converts a style object to class names 3`] = `"._bxsh-z9fq5k{box-shadow:0px 0px 10px red;}"`;

exports[`extract-tests > supports RTL properties 1`] = `
[
  {
    "identifier": "_paddingStart-100px",
    "property": "paddingStart",
    "pseudo": undefined,
    "rules": [
      "._paddingStart-100px{padding-start:100px;}",
    ],
    "value": "100px",
  },
  {
    "identifier": "_paddingEnd-10px",
    "property": "paddingEnd",
    "pseudo": undefined,
    "rules": [
      "._paddingEnd-10px{padding-end:10px;}",
    ],
    "value": "10px",
  },
  {
    "identifier": "_marginStart-50px",
    "property": "marginStart",
    "pseudo": undefined,
    "rules": [
      "._marginStart-50px{margin-start:50px;}",
    ],
    "value": "50px",
  },
  {
    "identifier": "_marginEnd-2px",
    "property": "marginEnd",
    "pseudo": undefined,
    "rules": [
      "._marginEnd-2px{margin-end:2px;}",
    ],
    "value": "2px",
  },
]
`;
